[www.birlassector71.com/birla-estate-sector71-gurugram/index.html]
[www.birlassector71.com/birla-estate-sector71-gurugram/favicon.png]
[backblue.gif]
[fade.gif]
[index.html]
[www.birlassector71.com/birla-estate-sector71-gurugram/assets/img/mobl.webp]
[www.birlassector71.com/birla-estate-sector71-gurugram/assets/fonts/micon.woff2]
[www.birlassector71.com/birla-estate-sector71-gurugram/assets/fonts/Roboto-Regular.woff2]
[www.birlassector71.com/birla-estate-sector71-gurugram/assets/fonts/Roboto-Bold.woff2]
[www.birlassector71.com/birla-estate-sector71-gurugram/assets/img/desktb1.webp]
[www.birlassector71.com/birla-estate-sector71-gurugram/assets/img/deskb2.webp]
[www.birlassector71.com/birla-estate-sector71-gurugram/assets/img/costing.jpg]
[cdn.jsdelivr.net/gh/fancyapps/fancybox@3.5.7/dist/jquery.fancybox.min.css]
[www.birlassector71.com/birla-estate-sector71-gurugram/assets/img/floorplan/masterplans.webp]
[www.birlassector71.com/birla-estate-sector71-gurugram/assets/img/gallery/g1.webp]
[www.birlassector71.com/birla-estate-sector71-gurugram/assets/img/gallery/g2.webp]
[www.birlassector71.com/birla-estate-sector71-gurugram/assets/img/gallery/g3.webp]
[www.birlassector71.com/birla-estate-sector71-gurugram/assets/img/gallery/g4.webp]
[www.birlassector71.com/birla-estate-sector71-gurugram/assets/img/vt6.webp]
[www.birlassector71.com/birla-estate-sector71-gurugram/terms-conditions.html]
[www.birlassector71.com/birla-estate-sector71-gurugram/privacy-policy.html]
[www.birlassector71.com/birla-estate-sector71-gurugram/cookies-policy.html]
[www.birlassector71.com/birla-estate-sector71-gurugram/assets/img/newpdfimg.png]
[www.birlassector71.com/birla-estate-sector71-gurugram/assets/img/brochure_icon_n1.gif]
[www.birlassector71.com/birla-estate-sector71-gurugram/assets/img/brochure_icon_mob_n1.gif]
[www.birlassector71.com/birla-estate-sector71-gurugram/assets/js/jquery.min.js]
[www.birlassector71.com/birla-estate-sector71-gurugram/thank-you.html]
[www.birlassector71.com/birla-estate-sector71-gurugram/assets/js/chatv25.js]
[www.birlassector71.com/birla-estate-sector71-gurugram/assets/js/app1_min.js]
[www.birlassector71.com/birla-estate-sector71-gurugram/index.html]
[www.googletagmanager.com/gtm5445.html]
[www.birlassector71.com/birla-estate-sector71-gurugram/assets/css/pure_style.css]
[www.birlassector71.com/assets/img/chatbot/priya.gif]
[www.birlassector71.com/birla-estate-sector71-gurugram/assets/css/chatv25.css]
[www.birlassector71.com/birla-estate-sector71-gurugram/assets/img/logo.svg]
[www.birlassector71.com/birla-estate-sector71-gurugram/brochure.html]
[cdn.jsdelivr.net/gh/fancyapps/fancybox@3.5.7/dist/jquery.fancybox.min.css]
[www.birlassector71.com/birla-estate-sector71-gurugram/terms-conditions.html]
[www.birlassector71.com/birla-estate-sector71-gurugram/privacy-policy.html]
[www.birlassector71.com/birla-estate-sector71-gurugram/cookies-policy.html]
[www.birlassector71.com/birla-estate-sector71-gurugram/assets/img/thanks-icon.webp]
[www.birlassector71.com/birla-estate-sector71-gurugram/thank-you.html]
